{"ProcessingJobArn":"arn:aws:sagemaker:us-east-1:XXXXXXXXXXXX:processing-job/cli-bash-2020-10-06-23-30-46-ulq8rrv0","ProcessingJobName":"cli-bash-2020-10-06-23-30-46-ULQ8RRV0","Environment":{"SM_CHANNEL_CLI_CODE_OUTPUT":"/opt/ml/processing/input/data/cli_code_output","SM_CHANNEL_CLI_CODE_STATE":"/opt/ml/processing/input/data/cli_code_state","SM_CHANNEL_DATA":"/opt/ml/processing/data","SSM_OUTPUT":"/opt/ml/processing/output","SSM_STATE":"/opt/ml/processing/state"},"AppSpecification":{"ImageUri":"683313688378.dkr.ecr.us-east-1.amazonaws.com/sagemaker-scikit-learn:0.20.0-cpu-py3","ContainerEntrypoint":["bash","/opt/ml/processing/input/code/ex3.sh"],"ContainerArguments":["arg1","-arg2","--arg3","argument 4"]},"ProcessingInputs":[{"InputName":"cli_code_output","S3Input":{"LocalPath":"/opt/ml/processing/input/data/cli_code_output","S3Uri":"s3://sagemaker-us-east-1-XXXXXXXXXXXX/ssm-example-processing/cli-code/cli-code-2020-10-06-23-25-36-bE5AcbXg/output","S3DataDistributionType":"FullyReplicated","S3DataType":"S3Prefix","S3InputMode":"File","S3CompressionType":"None","S3DownloadMode":"StartOfJob"}},{"InputName":"cli_code_state","S3Input":{"LocalPath":"/opt/ml/processing/input/data/cli_code_state","S3Uri":"s3://sagemaker-us-east-1-XXXXXXXXXXXX/ssm-example-processing/cli-code/state","S3DataDistributionType":"FullyReplicated","S3DataType":"S3Prefix","S3InputMode":"File","S3CompressionType":"None","S3DownloadMode":"StartOfJob"}},{"InputName":"DEP_dep","S3Input":{"LocalPath":"/opt/ml/processing/input/code/dep","S3Uri":"s3://sagemaker-us-east-1-XXXXXXXXXXXX/cli-bash-2020-10-06-23-30-46-ULQ8RRV0/input/DEP_dep","S3DataDistributionType":"FullyReplicated","S3DataType":"S3Prefix","S3InputMode":"File","S3CompressionType":"None","S3DownloadMode":"StartOfJob"}},{"InputName":"DEP_worker_toolkit","S3Input":{"LocalPath":"/opt/ml/processing/input/code/worker_toolkit","S3Uri":"s3://sagemaker-us-east-1-XXXXXXXXXXXX/cli-bash-2020-10-06-23-30-46-ULQ8RRV0/input/DEP_worker_toolkit","S3DataDistributionType":"FullyReplicated","S3DataType":"S3Prefix","S3InputMode":"File","S3CompressionType":"None","S3DownloadMode":"StartOfJob"}},{"InputName":"data","S3Input":{"LocalPath":"/opt/ml/processing/data","S3Uri":"s3://sagemaker-us-east-1-XXXXXXXXXXXX/ssm-example-processing/cli-bash/input","S3DataDistributionType":"FullyReplicated","S3DataType":"S3Prefix","S3InputMode":"File","S3CompressionType":"None","S3DownloadMode":"StartOfJob"}},{"InputName":"code","S3Input":{"LocalPath":"/opt/ml/processing/input/code","S3Uri":"s3://sagemaker-us-east-1-XXXXXXXXXXXX/cli-bash-2020-10-06-23-30-46-ULQ8RRV0/input/code/ex3.sh","S3DataDistributionType":"FullyReplicated","S3DataType":"S3Prefix","S3InputMode":"File","S3CompressionType":"None","S3DownloadMode":"StartOfJob"}}],"ProcessingOutputConfig":{"Outputs":[{"OutputName":"state","S3Output":{"LocalPath":"/opt/ml/processing/state","S3Uri":"s3://sagemaker-us-east-1-XXXXXXXXXXXX/ssm-example-processing/cli-bash/state","S3UploadMode":"Continuous"}},{"OutputName":"output","S3Output":{"LocalPath":"/opt/ml/processing/output","S3Uri":"s3://sagemaker-us-east-1-XXXXXXXXXXXX/ssm-example-processing/cli-bash/cli-bash-2020-10-06-23-30-46-ULQ8RRV0/output","S3UploadMode":"EndOfJob"}}],"KmsKeyId":null},"ProcessingResources":{"ClusterConfig":{"InstanceCount":1,"InstanceType":"ml.m5.large","VolumeSizeInGB":30,"VolumeKmsKeyId":null}},"RoleArn":"arn:aws:iam::XXXXXXXXXXXX:role/SageMakerIAMRole","StoppingCondition":{"MaxRuntimeInSeconds":900}}