{"arg2":"\"hello\"","sagemaker_container_log_level":"20","sagemaker_program":"\"algo.py\"","arg1":"5","sagemaker_region":"\"us-east-1\"","sagemaker_job_name":"\"Task1-2020-10-04-09-17-37-x6ux770b\"","sagemaker_submit_directory":"\"s3://sagemaker-us-east-1-XXXXXXXXXXXX/tests/simple-sagemaker-example_2020-10-04-09-16-51_py37/Task1/Task1-2020-10-04-09-17-37-x6ux770b/source/sourcedir.tar.gz\""}