{"inputMode":"FILE","channels":{"data":{"s3DataSource":{"s3DataType":"S3_PREFIX","s3Uri":"s3://sagemaker-us-east-1-XXXXXXXXXXXX/tests/simple-sagemaker-example_2020-10-04-09-16-51_py37/Task1/input","s3DataDistributionType":"SHARDED_BY_S3_KEY","attributeNames":null},"fileSystemDataSource":null,"compressionType":"NONE","recordWrapper":"NONE","shuffleConfig":null,"inputMode":"FILE","sharded":true}},"checkpointChannel":{"name":"checkpoints","channel":{"s3DataSource":{"s3DataType":"S3_PREFIX","s3Uri":"s3://sagemaker-us-east-1-XXXXXXXXXXXX/tests/simple-sagemaker-example_2020-10-04-09-16-51_py37/Task1/state","s3DataDistributionType":null,"attributeNames":null},"fileSystemDataSource":null,"compressionType":null,"recordWrapper":null,"shuffleConfig":null,"inputMode":"FILE","sharded":false},"outputPath":"/opt/ml/checkpoints","allowEmpty":true},"hostConfig":{"clusterSize":2,"hostNumber":1},"enableAdditionalPlatformLoggingForCustomer":false,"jobRunInfo":{"jobRunNumber":1}}