{"current_host": "algo-1", "hosts": ["algo-1", "algo-2"], "network_interface_name": "eth0"}