{"S3OutputPath":"s3://sagemaker-us-east-1-XXXXXXXXXXXX/tests/simple-sagemaker-example_2020-10-05-09-16-33_py37/Task1/Task1-2020-10-05-09-17-22-LlJvq4UU/tensorboard-output","LocalPath":"/opt/ml/output/tensorboard/"}