{"EnableInterContainerTrafficEncryption":false,"EnableNetworkIsolation":false,"EnableManagedSpotTraining":true,"HyperParameters":{"arg2":"\"hello\"","sagemaker_container_log_level":"20","sagemaker_program":"\"algo.py\"","arg1":"5","sagemaker_region":"\"us-east-1\"","sagemaker_job_name":"\"Task1-2020-10-04-09-17-37-x6ux770b\"","sagemaker_submit_directory":"\"s3://sagemaker-us-east-1-XXXXXXXXXXXX/tests/simple-sagemaker-example_2020-10-04-09-16-51_py37/Task1/Task1-2020-10-04-09-17-37-x6ux770b/source/sourcedir.tar.gz\""},"InputDataConfig":[{"ChannelName":"data","DataSource":{"S3DataSource":{"S3DataType":"S3_PREFIX","S3Uri":"s3://sagemaker-us-east-1-XXXXXXXXXXXX/tests/simple-sagemaker-example_2020-10-04-09-16-51_py37/Task1/input","S3DataDistributionType":"SHARDED_BY_S3_KEY"}},"CompressionType":"NONE","RecordWrapperType":"NONE"}],"OutputDataConfig":{"KmsKeyId":"","S3OutputPath":"s3://sagemaker-us-east-1-XXXXXXXXXXXX/tests/simple-sagemaker-example_2020-10-04-09-16-51_py37/Task1"},"ResourceConfig":{"InstanceCount":2,"InstanceType":"ml.m5.large","VolumeSizeInGB":30},"RoleArn":"arn:aws:iam::XXXXXXXXXXXX:role/SageMakerIAMRole","Tags":[{"Key":"SimpleSagemakerProject","Value":"tests/simple-sagemaker-example_2020-10-04-09-16-51_py37"},{"Key":"SimpleSagemakerCallingModule","Value":"/home/runner/work/simple_sagemaker/simple_sagemaker/examples/single_task/example.py"},{"Key":"SimpleSagemakerTask","Value":"Task1"},{"Key":"SimpleSagemakerVersion","Value":"0.9.19"}],"BaseTags":[{"Key":"SimpleSagemakerProject","Value":"tests/simple-sagemaker-example_2020-10-04-09-16-51_py37"},{"Key":"SimpleSagemakerCallingModule","Value":"/home/runner/work/simple_sagemaker/simple_sagemaker/examples/single_task/example.py"},{"Key":"SimpleSagemakerTask","Value":"Task1"},{"Key":"SimpleSagemakerVersion","Value":"0.9.19"}],"TrainingJobName":"Task1-2020-10-04-09-17-37-x6ux770b","StoppingCondition":{"MaxRuntimeInSeconds":900,"MaxWaitTimeInSeconds":900},"AlgorithmSpecification":{"MetricDefinitions":[],"TrainingImage":"XXXXXXXXXXXX.dkr.ecr.us-east-1.amazonaws.com/task_repo:latest","TrainingInputMode":"File"},"TrainingJobArn":"arn:aws:sagemaker:us-east-1:XXXXXXXXXXXX:training-job/task1-2020-10-04-09-17-37-x6ux770b","DebugHookConfig":{"S3OutputPath":"s3://sagemaker-us-east-1-XXXXXXXXXXXX/tests/simple-sagemaker-example_2020-10-04-09-16-51_py37/Task1/Task1-2020-10-04-09-17-37-x6ux770b/debug-output","LocalPath":"/opt/ml/output/tensors"},"CheckpointConfig":{"S3Uri":"s3://sagemaker-us-east-1-XXXXXXXXXXXX/tests/simple-sagemaker-example_2020-10-04-09-16-51_py37/Task1/state","LocalPath":"/state"}}