{"ProcessingJobArn":"arn:aws:sagemaker:us-east-1:XXXXXXXXXXXX:processing-job/cli-shell-2020-10-06-23-25-34-3bnesrat","ProcessingJobName":"cli-shell-2020-10-06-23-25-34-3bnESRAt","Environment":{"SSM_OUTPUT":"/opt/ml/processing/output","SSM_STATE":"/opt/ml/processing/state"},"AppSpecification":{"ImageUri":"683313688378.dkr.ecr.us-east-1.amazonaws.com/sagemaker-scikit-learn:0.20.0-cpu-py3","ContainerEntrypoint":["/bin/bash"],"ContainerArguments":["-c","echo '======= Bash script ...' \u0026\u0026         echo 'Args:' $@ \u0026\u0026 echo Env: `env` \u0026\u0026 pwd \u0026\u0026 ls -laR /opt \u0026\u0026         cp -r /opt/ml/config $SSM_OUTPUT/config \u0026\u0026         echo 'output' \u003e $SSM_OUTPUT/output \u0026\u0026         echo 'state' \u003e $SSM_STATE/state"]},"ProcessingInputs":[{"InputName":"DEP_dep","S3Input":{"LocalPath":"/opt/ml/processing/input/code/dep","S3Uri":"s3://sagemaker-us-east-1-XXXXXXXXXXXX/cli-shell-2020-10-06-23-25-34-3bnESRAt/input/DEP_dep","S3DataDistributionType":"FullyReplicated","S3DataType":"S3Prefix","S3InputMode":"File","S3CompressionType":"None","S3DownloadMode":"StartOfJob"}},{"InputName":"DEP_worker_toolkit","S3Input":{"LocalPath":"/opt/ml/processing/input/code/worker_toolkit","S3Uri":"s3://sagemaker-us-east-1-XXXXXXXXXXXX/cli-shell-2020-10-06-23-25-34-3bnESRAt/input/DEP_worker_toolkit","S3DataDistributionType":"FullyReplicated","S3DataType":"S3Prefix","S3InputMode":"File","S3CompressionType":"None","S3DownloadMode":"StartOfJob"}}],"ProcessingOutputConfig":{"Outputs":[{"OutputName":"state","S3Output":{"LocalPath":"/opt/ml/processing/state","S3Uri":"s3://sagemaker-us-east-1-XXXXXXXXXXXX/ssm-example-processing/cli-shell/state","S3UploadMode":"Continuous"}},{"OutputName":"output","S3Output":{"LocalPath":"/opt/ml/processing/output","S3Uri":"s3://sagemaker-us-east-1-XXXXXXXXXXXX/ssm-example-processing/cli-shell/cli-shell-2020-10-06-23-25-34-3bnESRAt/output","S3UploadMode":"EndOfJob"}}],"KmsKeyId":null},"ProcessingResources":{"ClusterConfig":{"InstanceCount":1,"InstanceType":"ml.m5.large","VolumeSizeInGB":30,"VolumeKmsKeyId":null}},"RoleArn":"arn:aws:iam::XXXXXXXXXXXX:role/SageMakerIAMRole","StoppingCondition":{"MaxRuntimeInSeconds":900}}